DATA_SIZE_BLOCK: 64 DATA_SIZE_MESSAGE 16 Total: 133770
DATA_SIZE_BLOCK: 128 DATA_SIZE_MESSAGE 16 Total: 137369
DATA_SIZE_BLOCK: 256 DATA_SIZE_MESSAGE 16 Total: 127540
DATA_SIZE_BLOCK: 512 DATA_SIZE_MESSAGE 16 Total: 127619
DATA_SIZE_BLOCK: 1024 DATA_SIZE_MESSAGE 16 Total: 136266
DATA_SIZE_BLOCK: 64 DATA_SIZE_MESSAGE 32 Total: 140249
DATA_SIZE_BLOCK: 128 DATA_SIZE_MESSAGE 32 Total: 136115
DATA_SIZE_BLOCK: 256 DATA_SIZE_MESSAGE 32 Total: 142013
DATA_SIZE_BLOCK: 512 DATA_SIZE_MESSAGE 32 Total: 139341
DATA_SIZE_BLOCK: 1024 DATA_SIZE_MESSAGE 32 Total: 133273
DATA_SIZE_BLOCK: 64 DATA_SIZE_MESSAGE 64 Total: 139330
DATA_SIZE_BLOCK: 128 DATA_SIZE_MESSAGE 64 Total: 136670
DATA_SIZE_BLOCK: 256 DATA_SIZE_MESSAGE 64 Total: 131273
DATA_SIZE_BLOCK: 512 DATA_SIZE_MESSAGE 64 Total: 136712
DATA_SIZE_BLOCK: 1024 DATA_SIZE_MESSAGE 64 Total: 129936
DATA_SIZE_BLOCK: 64 DATA_SIZE_MESSAGE 128 Total: 179740
DATA_SIZE_BLOCK: 128 DATA_SIZE_MESSAGE 128 Total: 139594
DATA_SIZE_BLOCK: 256 DATA_SIZE_MESSAGE 128 Total: 127185
DATA_SIZE_BLOCK: 512 DATA_SIZE_MESSAGE 128 Total: 132677
DATA_SIZE_BLOCK: 1024 DATA_SIZE_MESSAGE 128 Total: 138754
DATA_SIZE_BLOCK: 64 DATA_SIZE_MESSAGE 256 Total: 272830
DATA_SIZE_BLOCK: 128 DATA_SIZE_MESSAGE 256 Total: 182006
DATA_SIZE_BLOCK: 256 DATA_SIZE_MESSAGE 256 Total: 138223
DATA_SIZE_BLOCK: 512 DATA_SIZE_MESSAGE 256 Total: 123594
DATA_SIZE_BLOCK: 1024 DATA_SIZE_MESSAGE 256 Total: 139744
DATA_SIZE_BLOCK: 64 DATA_SIZE_MESSAGE 512 Total: 435125
DATA_SIZE_BLOCK: 128 DATA_SIZE_MESSAGE 512 Total: 262590
DATA_SIZE_BLOCK: 256 DATA_SIZE_MESSAGE 512 Total: 181695
DATA_SIZE_BLOCK: 512 DATA_SIZE_MESSAGE 512 Total: 128721
DATA_SIZE_BLOCK: 1024 DATA_SIZE_MESSAGE 512 Total: 127792
DATA_SIZE_BLOCK: 64 DATA_SIZE_MESSAGE 1024 Total: 802444
DATA_SIZE_BLOCK: 128 DATA_SIZE_MESSAGE 1024 Total: 447246
DATA_SIZE_BLOCK: 256 DATA_SIZE_MESSAGE 1024 Total: 265349
DATA_SIZE_BLOCK: 512 DATA_SIZE_MESSAGE 1024 Total: 184278
DATA_SIZE_BLOCK: 1024 DATA_SIZE_MESSAGE 1024 Total: 136557
DATA_SIZE_BLOCK: 64 DATA_SIZE_MESSAGE 2048 Total: 1.51204e+06
DATA_SIZE_BLOCK: 128 DATA_SIZE_MESSAGE 2048 Total: 798620
DATA_SIZE_BLOCK: 256 DATA_SIZE_MESSAGE 2048 Total: 449347
DATA_SIZE_BLOCK: 512 DATA_SIZE_MESSAGE 2048 Total: 270462
DATA_SIZE_BLOCK: 1024 DATA_SIZE_MESSAGE 2048 Total: 183822
DATA_SIZE_BLOCK: 64 DATA_SIZE_MESSAGE 4096 Total: 2.91938e+06
DATA_SIZE_BLOCK: 128 DATA_SIZE_MESSAGE 4096 Total: 1.50399e+06
DATA_SIZE_BLOCK: 256 DATA_SIZE_MESSAGE 4096 Total: 800865
DATA_SIZE_BLOCK: 512 DATA_SIZE_MESSAGE 4096 Total: 449165
DATA_SIZE_BLOCK: 1024 DATA_SIZE_MESSAGE 4096 Total: 270992
DATA_SIZE_BLOCK: 64 DATA_SIZE_MESSAGE 8192 Total: 5.72588e+06
DATA_SIZE_BLOCK: 128 DATA_SIZE_MESSAGE 8192 Total: 2.94548e+06
DATA_SIZE_BLOCK: 256 DATA_SIZE_MESSAGE 8192 Total: 1.51055e+06
DATA_SIZE_BLOCK: 512 DATA_SIZE_MESSAGE 8192 Total: 811198
DATA_SIZE_BLOCK: 1024 DATA_SIZE_MESSAGE 8192 Total: 450333
DATA_SIZE_BLOCK: 64 DATA_SIZE_MESSAGE 16384 Total: 1.13953e+07
DATA_SIZE_BLOCK: 128 DATA_SIZE_MESSAGE 16384 Total: 5.78711e+06
DATA_SIZE_BLOCK: 256 DATA_SIZE_MESSAGE 16384 Total: 2.94869e+06
DATA_SIZE_BLOCK: 512 DATA_SIZE_MESSAGE 16384 Total: 1.5149e+06
DATA_SIZE_BLOCK: 1024 DATA_SIZE_MESSAGE 16384 Total: 808711
DATA_SIZE_BLOCK: 64 DATA_SIZE_MESSAGE 32768 Total: 2.28101e+07
DATA_SIZE_BLOCK: 128 DATA_SIZE_MESSAGE 32768 Total: 1.14384e+07
DATA_SIZE_BLOCK: 256 DATA_SIZE_MESSAGE 32768 Total: 5.78506e+06
DATA_SIZE_BLOCK: 512 DATA_SIZE_MESSAGE 32768 Total: 2.94291e+06
DATA_SIZE_BLOCK: 1024 DATA_SIZE_MESSAGE 32768 Total: 1.51647e+06
DATA_SIZE_BLOCK: 64 DATA_SIZE_MESSAGE 65536 Total: 4.55572e+07
DATA_SIZE_BLOCK: 128 DATA_SIZE_MESSAGE 65536 Total: 2.26705e+07
DATA_SIZE_BLOCK: 256 DATA_SIZE_MESSAGE 65536 Total: 1.15394e+07
DATA_SIZE_BLOCK: 512 DATA_SIZE_MESSAGE 65536 Total: 5.78798e+06
DATA_SIZE_BLOCK: 1024 DATA_SIZE_MESSAGE 65536 Total: 2.93945e+06