DATA_SIZE_BLOCK: 64 DATA_SIZE_MESSAGE 16 Total: 210137
DATA_SIZE_BLOCK: 128 DATA_SIZE_MESSAGE 16 Total: 226088
DATA_SIZE_BLOCK: 256 DATA_SIZE_MESSAGE 16 Total: 259561
DATA_SIZE_BLOCK: 512 DATA_SIZE_MESSAGE 16 Total: 233788
DATA_SIZE_BLOCK: 1024 DATA_SIZE_MESSAGE 16 Total: 249992
DATA_SIZE_BLOCK: 2048 DATA_SIZE_MESSAGE 16 Total: 264520
DATA_SIZE_BLOCK: 8192 DATA_SIZE_MESSAGE 16 Total: 243154
DATA_SIZE_BLOCK: 16384 DATA_SIZE_MESSAGE 16 Total: 268266
DATA_SIZE_BLOCK: 32768 DATA_SIZE_MESSAGE 16 Total: 231366
DATA_SIZE_BLOCK: 64 DATA_SIZE_MESSAGE 32 Total: 237056
DATA_SIZE_BLOCK: 128 DATA_SIZE_MESSAGE 32 Total: 233249
DATA_SIZE_BLOCK: 256 DATA_SIZE_MESSAGE 32 Total: 277244
DATA_SIZE_BLOCK: 512 DATA_SIZE_MESSAGE 32 Total: 247629
DATA_SIZE_BLOCK: 1024 DATA_SIZE_MESSAGE 32 Total: 224314
DATA_SIZE_BLOCK: 2048 DATA_SIZE_MESSAGE 32 Total: 246833
DATA_SIZE_BLOCK: 8192 DATA_SIZE_MESSAGE 32 Total: 282808
DATA_SIZE_BLOCK: 16384 DATA_SIZE_MESSAGE 32 Total: 223069
DATA_SIZE_BLOCK: 32768 DATA_SIZE_MESSAGE 32 Total: 217303
DATA_SIZE_BLOCK: 64 DATA_SIZE_MESSAGE 64 Total: 378053
DATA_SIZE_BLOCK: 128 DATA_SIZE_MESSAGE 64 Total: 262689
DATA_SIZE_BLOCK: 256 DATA_SIZE_MESSAGE 64 Total: 254848
DATA_SIZE_BLOCK: 512 DATA_SIZE_MESSAGE 64 Total: 225197
DATA_SIZE_BLOCK: 1024 DATA_SIZE_MESSAGE 64 Total: 225205
DATA_SIZE_BLOCK: 2048 DATA_SIZE_MESSAGE 64 Total: 286128
DATA_SIZE_BLOCK: 8192 DATA_SIZE_MESSAGE 64 Total: 250211
DATA_SIZE_BLOCK: 16384 DATA_SIZE_MESSAGE 64 Total: 269870
DATA_SIZE_BLOCK: 32768 DATA_SIZE_MESSAGE 64 Total: 256487
DATA_SIZE_BLOCK: 64 DATA_SIZE_MESSAGE 128 Total: 561477
DATA_SIZE_BLOCK: 128 DATA_SIZE_MESSAGE 128 Total: 410464
DATA_SIZE_BLOCK: 256 DATA_SIZE_MESSAGE 128 Total: 227377
DATA_SIZE_BLOCK: 512 DATA_SIZE_MESSAGE 128 Total: 255722
DATA_SIZE_BLOCK: 1024 DATA_SIZE_MESSAGE 128 Total: 267220
DATA_SIZE_BLOCK: 2048 DATA_SIZE_MESSAGE 128 Total: 283332
DATA_SIZE_BLOCK: 8192 DATA_SIZE_MESSAGE 128 Total: 270317
DATA_SIZE_BLOCK: 16384 DATA_SIZE_MESSAGE 128 Total: 264275
DATA_SIZE_BLOCK: 32768 DATA_SIZE_MESSAGE 128 Total: 256916
DATA_SIZE_BLOCK: 64 DATA_SIZE_MESSAGE 160 Total: 552219
DATA_SIZE_BLOCK: 128 DATA_SIZE_MESSAGE 160 Total: 525735
DATA_SIZE_BLOCK: 256 DATA_SIZE_MESSAGE 160 Total: 274195
DATA_SIZE_BLOCK: 512 DATA_SIZE_MESSAGE 160 Total: 248201
DATA_SIZE_BLOCK: 1024 DATA_SIZE_MESSAGE 160 Total: 279543
DATA_SIZE_BLOCK: 2048 DATA_SIZE_MESSAGE 160 Total: 250354
DATA_SIZE_BLOCK: 8192 DATA_SIZE_MESSAGE 160 Total: 276675
DATA_SIZE_BLOCK: 16384 DATA_SIZE_MESSAGE 160 Total: 247900
DATA_SIZE_BLOCK: 32768 DATA_SIZE_MESSAGE 160 Total: 247248
DATA_SIZE_BLOCK: 64 DATA_SIZE_MESSAGE 192 Total: 526955
DATA_SIZE_BLOCK: 128 DATA_SIZE_MESSAGE 192 Total: 400392
DATA_SIZE_BLOCK: 256 DATA_SIZE_MESSAGE 192 Total: 196021
DATA_SIZE_BLOCK: 512 DATA_SIZE_MESSAGE 192 Total: 207044
DATA_SIZE_BLOCK: 1024 DATA_SIZE_MESSAGE 192 Total: 221171
DATA_SIZE_BLOCK: 2048 DATA_SIZE_MESSAGE 192 Total: 264993
DATA_SIZE_BLOCK: 8192 DATA_SIZE_MESSAGE 192 Total: 195857
DATA_SIZE_BLOCK: 16384 DATA_SIZE_MESSAGE 192 Total: 236909
DATA_SIZE_BLOCK: 32768 DATA_SIZE_MESSAGE 192 Total: 210648
DATA_SIZE_BLOCK: 64 DATA_SIZE_MESSAGE 224 Total: 464676
DATA_SIZE_BLOCK: 128 DATA_SIZE_MESSAGE 224 Total: 369922
DATA_SIZE_BLOCK: 256 DATA_SIZE_MESSAGE 224 Total: 175230
DATA_SIZE_BLOCK: 512 DATA_SIZE_MESSAGE 224 Total: 209169
DATA_SIZE_BLOCK: 1024 DATA_SIZE_MESSAGE 224 Total: 244229
DATA_SIZE_BLOCK: 2048 DATA_SIZE_MESSAGE 224 Total: 223722
DATA_SIZE_BLOCK: 8192 DATA_SIZE_MESSAGE 224 Total: 208354
DATA_SIZE_BLOCK: 16384 DATA_SIZE_MESSAGE 224 Total: 278829
DATA_SIZE_BLOCK: 32768 DATA_SIZE_MESSAGE 224 Total: 259015
DATA_SIZE_BLOCK: 64 DATA_SIZE_MESSAGE 256 Total: 506193
DATA_SIZE_BLOCK: 128 DATA_SIZE_MESSAGE 256 Total: 389404
DATA_SIZE_BLOCK: 256 DATA_SIZE_MESSAGE 256 Total: 357252
DATA_SIZE_BLOCK: 512 DATA_SIZE_MESSAGE 256 Total: 233456
DATA_SIZE_BLOCK: 1024 DATA_SIZE_MESSAGE 256 Total: 240793
DATA_SIZE_BLOCK: 2048 DATA_SIZE_MESSAGE 256 Total: 211636
DATA_SIZE_BLOCK: 8192 DATA_SIZE_MESSAGE 256 Total: 222789
DATA_SIZE_BLOCK: 16384 DATA_SIZE_MESSAGE 256 Total: 266931
DATA_SIZE_BLOCK: 32768 DATA_SIZE_MESSAGE 256 Total: 241993
DATA_SIZE_BLOCK: 64 DATA_SIZE_MESSAGE 288 Total: 355334
DATA_SIZE_BLOCK: 128 DATA_SIZE_MESSAGE 288 Total: 420621
DATA_SIZE_BLOCK: 256 DATA_SIZE_MESSAGE 288 Total: 554209
DATA_SIZE_BLOCK: 512 DATA_SIZE_MESSAGE 288 Total: 218577
DATA_SIZE_BLOCK: 1024 DATA_SIZE_MESSAGE 288 Total: 267705
DATA_SIZE_BLOCK: 2048 DATA_SIZE_MESSAGE 288 Total: 241112
DATA_SIZE_BLOCK: 8192 DATA_SIZE_MESSAGE 288 Total: 231404
DATA_SIZE_BLOCK: 16384 DATA_SIZE_MESSAGE 288 Total: 220907
DATA_SIZE_BLOCK: 32768 DATA_SIZE_MESSAGE 288 Total: 237461
DATA_SIZE_BLOCK: 64 DATA_SIZE_MESSAGE 320 Total: 353523
DATA_SIZE_BLOCK: 128 DATA_SIZE_MESSAGE 320 Total: 486500
DATA_SIZE_BLOCK: 256 DATA_SIZE_MESSAGE 320 Total: 327156
DATA_SIZE_BLOCK: 512 DATA_SIZE_MESSAGE 320 Total: 264474
DATA_SIZE_BLOCK: 1024 DATA_SIZE_MESSAGE 320 Total: 238039
DATA_SIZE_BLOCK: 2048 DATA_SIZE_MESSAGE 320 Total: 241289
DATA_SIZE_BLOCK: 8192 DATA_SIZE_MESSAGE 320 Total: 222843
DATA_SIZE_BLOCK: 16384 DATA_SIZE_MESSAGE 320 Total: 234550
DATA_SIZE_BLOCK: 32768 DATA_SIZE_MESSAGE 320 Total: 203073
DATA_SIZE_BLOCK: 64 DATA_SIZE_MESSAGE 512 Total: 438497
DATA_SIZE_BLOCK: 128 DATA_SIZE_MESSAGE 512 Total: 344327
DATA_SIZE_BLOCK: 256 DATA_SIZE_MESSAGE 512 Total: 543434
DATA_SIZE_BLOCK: 512 DATA_SIZE_MESSAGE 512 Total: 542310
DATA_SIZE_BLOCK: 1024 DATA_SIZE_MESSAGE 512 Total: 228548
DATA_SIZE_BLOCK: 2048 DATA_SIZE_MESSAGE 512 Total: 219081
DATA_SIZE_BLOCK: 8192 DATA_SIZE_MESSAGE 512 Total: 211459
DATA_SIZE_BLOCK: 16384 DATA_SIZE_MESSAGE 512 Total: 232292
DATA_SIZE_BLOCK: 32768 DATA_SIZE_MESSAGE 512 Total: 250032
DATA_SIZE_BLOCK: 64 DATA_SIZE_MESSAGE 1024
DATA_SIZE_BLOCK: 128 DATA_SIZE_MESSAGE 1024 Total: 477307
DATA_SIZE_BLOCK: 256 DATA_SIZE_MESSAGE 1024 Total: 307730
DATA_SIZE_BLOCK: 512 DATA_SIZE_MESSAGE 1024 Total: 397391
DATA_SIZE_BLOCK: 1024 DATA_SIZE_MESSAGE 1024 Total: 485034
DATA_SIZE_BLOCK: 2048 DATA_SIZE_MESSAGE 1024 Total: 239620
DATA_SIZE_BLOCK: 8192 DATA_SIZE_MESSAGE 1024 Total: 248903
DATA_SIZE_BLOCK: 16384 DATA_SIZE_MESSAGE 1024 Total: 263102
DATA_SIZE_BLOCK: 32768 DATA_SIZE_MESSAGE 1024 Total: 243443
DATA_SIZE_BLOCK: 64 DATA_SIZE_MESSAGE 2048
DATA_SIZE_BLOCK: 128 DATA_SIZE_MESSAGE 2048
DATA_SIZE_BLOCK: 256 DATA_SIZE_MESSAGE 2048 Total: 419851
DATA_SIZE_BLOCK: 512 DATA_SIZE_MESSAGE 2048 Total: 493244
DATA_SIZE_BLOCK: 1024 DATA_SIZE_MESSAGE 2048 Total: 461505
DATA_SIZE_BLOCK: 2048 DATA_SIZE_MESSAGE 2048 
DATA_SIZE_BLOCK: 8192 DATA_SIZE_MESSAGE 2048 Total: 236355
DATA_SIZE_BLOCK: 16384 DATA_SIZE_MESSAGE 2048 Total: 236769
DATA_SIZE_BLOCK: 32768 DATA_SIZE_MESSAGE 2048 Total: 215641
DATA_SIZE_BLOCK: 64 DATA_SIZE_MESSAGE 4096 
DATA_SIZE_BLOCK: 128 DATA_SIZE_MESSAGE 4096 
DATA_SIZE_BLOCK: 256 DATA_SIZE_MESSAGE 4096 
DATA_SIZE_BLOCK: 512 DATA_SIZE_MESSAGE 4096 Total: 424497
DATA_SIZE_BLOCK: 1024 DATA_SIZE_MESSAGE 4096 Total: 345208
DATA_SIZE_BLOCK: 2048 DATA_SIZE_MESSAGE 4096 
DATA_SIZE_BLOCK: 8192 DATA_SIZE_MESSAGE 4096 Total: 248725
DATA_SIZE_BLOCK: 16384 DATA_SIZE_MESSAGE 4096 Total: 276058
DATA_SIZE_BLOCK: 32768 DATA_SIZE_MESSAGE 4096 Total: 214177
