DATA_SIZE_BLOCK: 64 DATA_SIZE_MESSAGE 16 Total: 2.00035e+09
DATA_SIZE_BLOCK: 128 DATA_SIZE_MESSAGE 16 Total: 2.00034e+09
DATA_SIZE_BLOCK: 256 DATA_SIZE_MESSAGE 16 Total: 2.00038e+09
DATA_SIZE_BLOCK: 512 DATA_SIZE_MESSAGE 16 Total: 2.00034e+09
DATA_SIZE_BLOCK: 1024 DATA_SIZE_MESSAGE 16 Total: 2.00035e+09
DATA_SIZE_BLOCK: 2048 DATA_SIZE_MESSAGE 16 Total: 2.00034e+09
DATA_SIZE_BLOCK: 8192 DATA_SIZE_MESSAGE 16 Total: 2.00034e+09
DATA_SIZE_BLOCK: 16384 DATA_SIZE_MESSAGE 16 Total: 2.00037e+09
DATA_SIZE_BLOCK: 32768 DATA_SIZE_MESSAGE 16 Total: 2.00033e+09
DATA_SIZE_BLOCK: 64 DATA_SIZE_MESSAGE 32 Total: 2.00034e+09
DATA_SIZE_BLOCK: 128 DATA_SIZE_MESSAGE 32 Total: 2.00034e+09
DATA_SIZE_BLOCK: 256 DATA_SIZE_MESSAGE 32 Total: 2.00032e+09
DATA_SIZE_BLOCK: 512 DATA_SIZE_MESSAGE 32 Total: 2.00032e+09
DATA_SIZE_BLOCK: 1024 DATA_SIZE_MESSAGE 32 Total: 2.00034e+09
DATA_SIZE_BLOCK: 2048 DATA_SIZE_MESSAGE 32 Total: 2.00035e+09
DATA_SIZE_BLOCK: 8192 DATA_SIZE_MESSAGE 32 Total: 2.00032e+09
DATA_SIZE_BLOCK: 16384 DATA_SIZE_MESSAGE 32 Total: 2.00032e+09
DATA_SIZE_BLOCK: 32768 DATA_SIZE_MESSAGE 32 Total: 2.00037e+09
DATA_SIZE_BLOCK: 64 DATA_SIZE_MESSAGE 64 Total: 2.0007e+09
DATA_SIZE_BLOCK: 128 DATA_SIZE_MESSAGE 64 Total: 2.00042e+09
DATA_SIZE_BLOCK: 256 DATA_SIZE_MESSAGE 64 Total: 2.00041e+09
DATA_SIZE_BLOCK: 512 DATA_SIZE_MESSAGE 64 Total: 2.00042e+09
DATA_SIZE_BLOCK: 1024 DATA_SIZE_MESSAGE 64 Total: 2.00041e+09
DATA_SIZE_BLOCK: 2048 DATA_SIZE_MESSAGE 64 Total: 2.00043e+09
DATA_SIZE_BLOCK: 8192 DATA_SIZE_MESSAGE 64 Total: 2.00041e+09
DATA_SIZE_BLOCK: 16384 DATA_SIZE_MESSAGE 64 Total: 2.00041e+09
DATA_SIZE_BLOCK: 32768 DATA_SIZE_MESSAGE 64 Total: 2.00042e+09
DATA_SIZE_BLOCK: 64 DATA_SIZE_MESSAGE 128 Total: 2.00063e+09
DATA_SIZE_BLOCK: 128 DATA_SIZE_MESSAGE 128 Total: 2.0007e+09
DATA_SIZE_BLOCK: 256 DATA_SIZE_MESSAGE 128 Total: 2.00037e+09
DATA_SIZE_BLOCK: 512 DATA_SIZE_MESSAGE 128 Total: 2.00033e+09
DATA_SIZE_BLOCK: 1024 DATA_SIZE_MESSAGE 128 Total: 2.00029e+09
DATA_SIZE_BLOCK: 2048 DATA_SIZE_MESSAGE 128 Total: 2.00028e+09
DATA_SIZE_BLOCK: 8192 DATA_SIZE_MESSAGE 128 Total: 2.00035e+09
DATA_SIZE_BLOCK: 16384 DATA_SIZE_MESSAGE 128 Total: 2.00036e+09
DATA_SIZE_BLOCK: 32768 DATA_SIZE_MESSAGE 128 Total: 2.00035e+09
DATA_SIZE_BLOCK: 64 DATA_SIZE_MESSAGE 160 Total: 2.00064e+09
DATA_SIZE_BLOCK: 128 DATA_SIZE_MESSAGE 160 Total: 2.00066e+09
DATA_SIZE_BLOCK: 256 DATA_SIZE_MESSAGE 160 Total: 2.00034e+09
DATA_SIZE_BLOCK: 512 DATA_SIZE_MESSAGE 160 Total: 2.00036e+09
DATA_SIZE_BLOCK: 1024 DATA_SIZE_MESSAGE 160 Total: 2.00034e+09
DATA_SIZE_BLOCK: 2048 DATA_SIZE_MESSAGE 160 Total: 2.00039e+09
DATA_SIZE_BLOCK: 8192 DATA_SIZE_MESSAGE 160 Total: 2.00034e+09
DATA_SIZE_BLOCK: 16384 DATA_SIZE_MESSAGE 160 Total: 2.00036e+09
DATA_SIZE_BLOCK: 32768 DATA_SIZE_MESSAGE 160 Total: 2.00034e+09
DATA_SIZE_BLOCK: 64 DATA_SIZE_MESSAGE 192 Total: 2.00063e+09
DATA_SIZE_BLOCK: 128 DATA_SIZE_MESSAGE 192 Total: 2.00061e+09
DATA_SIZE_BLOCK: 256 DATA_SIZE_MESSAGE 192 Total: 2.00033e+09
DATA_SIZE_BLOCK: 512 DATA_SIZE_MESSAGE 192 Total: 2.00033e+09
DATA_SIZE_BLOCK: 1024 DATA_SIZE_MESSAGE 192 Total: 2.00031e+09
DATA_SIZE_BLOCK: 2048 DATA_SIZE_MESSAGE 192 Total: 2.0003e+09
DATA_SIZE_BLOCK: 8192 DATA_SIZE_MESSAGE 192 Total: 2.00031e+09
DATA_SIZE_BLOCK: 16384 DATA_SIZE_MESSAGE 192 Total: 2.00031e+09
DATA_SIZE_BLOCK: 32768 DATA_SIZE_MESSAGE 192 Total: 2.00032e+09
DATA_SIZE_BLOCK: 64 DATA_SIZE_MESSAGE 224 Total: 2.00049e+09
DATA_SIZE_BLOCK: 128 DATA_SIZE_MESSAGE 224 Total: 2.00042e+09
DATA_SIZE_BLOCK: 256 DATA_SIZE_MESSAGE 224 Total: 2.00043e+09
DATA_SIZE_BLOCK: 512 DATA_SIZE_MESSAGE 224 Total: 2.0004e+09
DATA_SIZE_BLOCK: 1024 DATA_SIZE_MESSAGE 224 Total: 2.0004e+09
DATA_SIZE_BLOCK: 2048 DATA_SIZE_MESSAGE 224 Total: 2.00041e+09
DATA_SIZE_BLOCK: 8192 DATA_SIZE_MESSAGE 224 Total: 2.00036e+09
DATA_SIZE_BLOCK: 16384 DATA_SIZE_MESSAGE 224 Total: 2.00037e+09
DATA_SIZE_BLOCK: 32768 DATA_SIZE_MESSAGE 224 Total: 2.00038e+09
DATA_SIZE_BLOCK: 64 DATA_SIZE_MESSAGE 256 Total: 2.00048e+09
DATA_SIZE_BLOCK: 128 DATA_SIZE_MESSAGE 256 Total: 2.00049e+09
DATA_SIZE_BLOCK: 256 DATA_SIZE_MESSAGE 256 Total: 2.0004e+09
DATA_SIZE_BLOCK: 512 DATA_SIZE_MESSAGE 256 Total: 2.00029e+09
DATA_SIZE_BLOCK: 1024 DATA_SIZE_MESSAGE 256 Total: 2.00028e+09
DATA_SIZE_BLOCK: 2048 DATA_SIZE_MESSAGE 256 Total: 2.00029e+09
DATA_SIZE_BLOCK: 8192 DATA_SIZE_MESSAGE 256 Total: 2.00028e+09
DATA_SIZE_BLOCK: 16384 DATA_SIZE_MESSAGE 256 Total: 2.00028e+09
DATA_SIZE_BLOCK: 32768 DATA_SIZE_MESSAGE 256 Total: 2.00029e+09
DATA_SIZE_BLOCK: 64 DATA_SIZE_MESSAGE 288 Total: 2.00049e+09
DATA_SIZE_BLOCK: 128 DATA_SIZE_MESSAGE 288 Total: 2.00054e+09
DATA_SIZE_BLOCK: 256 DATA_SIZE_MESSAGE 288 Total: 2.00041e+09
DATA_SIZE_BLOCK: 512 DATA_SIZE_MESSAGE 288 Total: 2.0003e+09
DATA_SIZE_BLOCK: 1024 DATA_SIZE_MESSAGE 288 Total: 2.00028e+09
DATA_SIZE_BLOCK: 2048 DATA_SIZE_MESSAGE 288 Total: 2.00033e+09
DATA_SIZE_BLOCK: 8192 DATA_SIZE_MESSAGE 288 Total: 2.00034e+09
DATA_SIZE_BLOCK: 16384 DATA_SIZE_MESSAGE 288 Total: 2.00034e+09
DATA_SIZE_BLOCK: 32768 DATA_SIZE_MESSAGE 288 Total: 2.00032e+09
DATA_SIZE_BLOCK: 64 DATA_SIZE_MESSAGE 320 Total: 2.00064e+09
DATA_SIZE_BLOCK: 128 DATA_SIZE_MESSAGE 320 Total: 2.00063e+09
DATA_SIZE_BLOCK: 256 DATA_SIZE_MESSAGE 320 Total: 2.00062e+09
DATA_SIZE_BLOCK: 512 DATA_SIZE_MESSAGE 320 Total: 2.00031e+09
DATA_SIZE_BLOCK: 1024 DATA_SIZE_MESSAGE 320 Total: 2.00034e+09
DATA_SIZE_BLOCK: 2048 DATA_SIZE_MESSAGE 320 Total: 2.00035e+09
DATA_SIZE_BLOCK: 8192 DATA_SIZE_MESSAGE 320 Total: 2.0003e+09
DATA_SIZE_BLOCK: 16384 DATA_SIZE_MESSAGE 320 Total: 2.00031e+09
DATA_SIZE_BLOCK: 32768 DATA_SIZE_MESSAGE 320 Total: 2.00033e+09
DATA_SIZE_BLOCK: 64 DATA_SIZE_MESSAGE 512 Total: 2.00066e+09
DATA_SIZE_BLOCK: 128 DATA_SIZE_MESSAGE 512 Total: 2.00063e+09
DATA_SIZE_BLOCK: 256 DATA_SIZE_MESSAGE 512 Total: 2.00067e+09
DATA_SIZE_BLOCK: 512 DATA_SIZE_MESSAGE 512 Total: 2.00068e+09
DATA_SIZE_BLOCK: 1024 DATA_SIZE_MESSAGE 512 Total: 2.00038e+09
DATA_SIZE_BLOCK: 2048 DATA_SIZE_MESSAGE 512 Total: 2.00035e+09
DATA_SIZE_BLOCK: 8192 DATA_SIZE_MESSAGE 512 Total: 2.00036e+09
DATA_SIZE_BLOCK: 16384 DATA_SIZE_MESSAGE 512 Total: 2.00036e+09
DATA_SIZE_BLOCK: 32768 DATA_SIZE_MESSAGE 512 Total: 2.00035e+09
DATA_SIZE_BLOCK: 64 DATA_SIZE_MESSAGE 1024
DATA_SIZE_BLOCK: 128 DATA_SIZE_MESSAGE 1024 Total: 2.00063e+09
DATA_SIZE_BLOCK: 256 DATA_SIZE_MESSAGE 1024 Total: 2.00054e+09
DATA_SIZE_BLOCK: 512 DATA_SIZE_MESSAGE 1024 Total: 2.00052e+09
DATA_SIZE_BLOCK: 1024 DATA_SIZE_MESSAGE 1024 Total: 2.00057e+09
DATA_SIZE_BLOCK: 2048 DATA_SIZE_MESSAGE 1024 Total: 2.00038e+09
DATA_SIZE_BLOCK: 8192 DATA_SIZE_MESSAGE 1024 Total: 2.00038e+09
DATA_SIZE_BLOCK: 16384 DATA_SIZE_MESSAGE 1024 Total: 2.00041e+09
DATA_SIZE_BLOCK: 32768 DATA_SIZE_MESSAGE 1024 Total: 2.00041e+09
DATA_SIZE_BLOCK: 64 DATA_SIZE_MESSAGE 2048
DATA_SIZE_BLOCK: 128 DATA_SIZE_MESSAGE 2048
DATA_SIZE_BLOCK: 256 DATA_SIZE_MESSAGE 2048 Total: 2.00059e+09
DATA_SIZE_BLOCK: 512 DATA_SIZE_MESSAGE 2048 Total: 2.00055e+09
DATA_SIZE_BLOCK: 1024 DATA_SIZE_MESSAGE 2048 Total: 2.00049e+09
DATA_SIZE_BLOCK: 2048 DATA_SIZE_MESSAGE 2048
DATA_SIZE_BLOCK: 8192 DATA_SIZE_MESSAGE 2048 Total: 2.00036e+09
DATA_SIZE_BLOCK: 16384 DATA_SIZE_MESSAGE 2048 Total: 2.00038e+09
DATA_SIZE_BLOCK: 32768 DATA_SIZE_MESSAGE 2048 Total: 2.0004e+09
DATA_SIZE_BLOCK: 64 DATA_SIZE_MESSAGE 4096
DATA_SIZE_BLOCK: 128 DATA_SIZE_MESSAGE 4096
DATA_SIZE_BLOCK: 256 DATA_SIZE_MESSAGE 4096 
DATA_SIZE_BLOCK: 512 DATA_SIZE_MESSAGE 4096 Total: 2.0007e+09
DATA_SIZE_BLOCK: 1024 DATA_SIZE_MESSAGE 4096 Total: 2.00073e+09
DATA_SIZE_BLOCK: 2048 DATA_SIZE_MESSAGE 4096 
DATA_SIZE_BLOCK: 8192 DATA_SIZE_MESSAGE 4096 Total: 2.00036e+09
DATA_SIZE_BLOCK: 16384 DATA_SIZE_MESSAGE 4096 Total: 2.00041e+09
DATA_SIZE_BLOCK: 32768 DATA_SIZE_MESSAGE 4096 Total: 2.0004e+09
