DATA_SIZE_BLOCK: 64 DATA_SIZE_MESSAGE 1024 Total: 3.18737e+06
DATA_SIZE_BLOCK: 128 DATA_SIZE_MESSAGE 1024 Total: 1.74401e+06
DATA_SIZE_BLOCK: 256 DATA_SIZE_MESSAGE 1024 Total: 1.03143e+06
DATA_SIZE_BLOCK: 512 DATA_SIZE_MESSAGE 1024 Total: 675925
DATA_SIZE_BLOCK: 1024 DATA_SIZE_MESSAGE 1024 Total: 500765
DATA_SIZE_BLOCK: 64 DATA_SIZE_MESSAGE 4096 Total: 1.18749e+07
DATA_SIZE_BLOCK: 128 DATA_SIZE_MESSAGE 4096 Total: 6.06796e+06
DATA_SIZE_BLOCK: 256 DATA_SIZE_MESSAGE 4096 Total: 3.18541e+06
DATA_SIZE_BLOCK: 512 DATA_SIZE_MESSAGE 4096 Total: 1.73944e+06
DATA_SIZE_BLOCK: 1024 DATA_SIZE_MESSAGE 4096 Total: 1.01635e+06
DATA_SIZE_BLOCK: 64 DATA_SIZE_MESSAGE 16384 Total: 4.63909e+07
DATA_SIZE_BLOCK: 128 DATA_SIZE_MESSAGE 16384 Total: 2.34495e+07
DATA_SIZE_BLOCK: 256 DATA_SIZE_MESSAGE 16384 Total: 1.18486e+07
DATA_SIZE_BLOCK: 512 DATA_SIZE_MESSAGE 16384 Total: 6.07805e+06
DATA_SIZE_BLOCK: 1024 DATA_SIZE_MESSAGE 16384 Total: 3.25139e+06
DATA_SIZE_BLOCK: 64 DATA_SIZE_MESSAGE 32768 Total: 9.28644e+07
DATA_SIZE_BLOCK: 128 DATA_SIZE_MESSAGE 32768 Total: 4.63774e+07
DATA_SIZE_BLOCK: 256 DATA_SIZE_MESSAGE 32768 Total: 2.33552e+07
DATA_SIZE_BLOCK: 512 DATA_SIZE_MESSAGE 32768 Total: 1.18888e+07
DATA_SIZE_BLOCK: 1024 DATA_SIZE_MESSAGE 32768 Total: 6.08759e+06
