DATA_SIZE_BLOCK: 64 DATA_SIZE_MESSAGE 1024 Total: 3.99373e+06
DATA_SIZE_BLOCK: 128 DATA_SIZE_MESSAGE 1024 Total: 2.18724e+06
DATA_SIZE_BLOCK: 256 DATA_SIZE_MESSAGE 1024 Total: 1.28959e+06
DATA_SIZE_BLOCK: 512 DATA_SIZE_MESSAGE 1024 Total: 860794
DATA_SIZE_BLOCK: 1024 DATA_SIZE_MESSAGE 1024 Total: 616839
DATA_SIZE_BLOCK: 64 DATA_SIZE_MESSAGE 4096 Total: 1.49023e+07
DATA_SIZE_BLOCK: 128 DATA_SIZE_MESSAGE 4096 Total: 7.60685e+06
DATA_SIZE_BLOCK: 256 DATA_SIZE_MESSAGE 4096 Total: 4.02689e+06
DATA_SIZE_BLOCK: 512 DATA_SIZE_MESSAGE 4096 Total: 2.20783e+06
DATA_SIZE_BLOCK: 1024 DATA_SIZE_MESSAGE 4096 Total: 1.29303e+06
DATA_SIZE_BLOCK: 64 DATA_SIZE_MESSAGE 16384 Total: 5.84058e+07
DATA_SIZE_BLOCK: 128 DATA_SIZE_MESSAGE 16384 Total: 2.91802e+07
DATA_SIZE_BLOCK: 256 DATA_SIZE_MESSAGE 16384 Total: 1.47941e+07
DATA_SIZE_BLOCK: 512 DATA_SIZE_MESSAGE 16384 Total: 7.60729e+06
DATA_SIZE_BLOCK: 1024 DATA_SIZE_MESSAGE 16384 Total: 4.02011e+06
DATA_SIZE_BLOCK: 64 DATA_SIZE_MESSAGE 32768 Total: 1.25693e+08
DATA_SIZE_BLOCK: 128 DATA_SIZE_MESSAGE 32768 Total: 5.83526e+07
DATA_SIZE_BLOCK: 256 DATA_SIZE_MESSAGE 32768 Total: 2.91869e+07
DATA_SIZE_BLOCK: 512 DATA_SIZE_MESSAGE 32768 Total: 1.4919e+07
DATA_SIZE_BLOCK: 1024 DATA_SIZE_MESSAGE 32768 Total: 7.67361e+06
