DATA_SIZE_BLOCK: 64 DATA_SIZE_MESSAGE 1024 Total: 4.86135e+06
DATA_SIZE_BLOCK: 128 DATA_SIZE_MESSAGE 1024 Total: 2.68558e+06
DATA_SIZE_BLOCK: 256 DATA_SIZE_MESSAGE 1024 Total: 1.62585e+06
DATA_SIZE_BLOCK: 512 DATA_SIZE_MESSAGE 1024 Total: 1.03793e+06
DATA_SIZE_BLOCK: 1024 DATA_SIZE_MESSAGE 1024 Total: 783913
DATA_SIZE_BLOCK: 64 DATA_SIZE_MESSAGE 4096 Total: 1.78264e+07
DATA_SIZE_BLOCK: 128 DATA_SIZE_MESSAGE 4096 Total: 9.21275e+06
DATA_SIZE_BLOCK: 256 DATA_SIZE_MESSAGE 4096 Total: 4.87485e+06
DATA_SIZE_BLOCK: 512 DATA_SIZE_MESSAGE 4096 Total: 2.67965e+06
DATA_SIZE_BLOCK: 1024 DATA_SIZE_MESSAGE 4096 Total: 1.59018e+06
DATA_SIZE_BLOCK: 64 DATA_SIZE_MESSAGE 16384 Total: 7.23227e+07
DATA_SIZE_BLOCK: 128 DATA_SIZE_MESSAGE 16384 Total: 3.50952e+07
DATA_SIZE_BLOCK: 256 DATA_SIZE_MESSAGE 16384 Total: 1.79493e+07
DATA_SIZE_BLOCK: 512 DATA_SIZE_MESSAGE 16384 Total: 9.2077e+06
DATA_SIZE_BLOCK: 1024 DATA_SIZE_MESSAGE 16384 Total: 4.8589e+06
DATA_SIZE_BLOCK: 64 DATA_SIZE_MESSAGE 32768 Total: 1.70584e+08
DATA_SIZE_BLOCK: 128 DATA_SIZE_MESSAGE 32768 Total: 6.96377e+07
DATA_SIZE_BLOCK: 256 DATA_SIZE_MESSAGE 32768 Total: 3.54002e+07
DATA_SIZE_BLOCK: 512 DATA_SIZE_MESSAGE 32768 Total: 1.78613e+07
DATA_SIZE_BLOCK: 1024 DATA_SIZE_MESSAGE 32768 Total: 9.27527e+06
